Checking formatting...

All matched files use the correct format.
Finished in 3ms on 12 files using 8 threads.
Checked 72 files in 26ms. No fixes applied.
bun test v1.4.2 (744846f84)
All tests executed.

Running 84 tests using 1 worker

  ✓   1 [desktop] › trial/tests/product-list.spec.js:11:1 › 全商品の名前とコードを見出し付きの一覧で記載順に読める (267ms)
  ✓   2 [desktop] › trial/tests/product-order-persistence.spec.js:38:3 › originalを選ぶと直ちに保存し、再読み込みとタブ再オープンで検索語なしに復元する (274ms)
  ✓   3 [desktop] › trial/tests/product-order-persistence.spec.js:38:3 › ascendingを選ぶと直ちに保存し、再読み込みとタブ再オープンで検索語なしに復元する (243ms)
  ✓   4 [desktop] › trial/tests/product-order-persistence.spec.js:38:3 › descendingを選ぶと直ちに保存し、再読み込みとタブ再オープンで検索語なしに復元する (247ms)
  ✓   5 [desktop] › trial/tests/product-order-persistence.spec.js:59:3 › 保存値 null は元の順序で開始する (144ms)
  ✓   6 [desktop] › trial/tests/product-order-persistence.spec.js:59:3 › 保存値 "" は元の順序で開始する (139ms)
  ✓   7 [desktop] › trial/tests/product-order-persistence.spec.js:59:3 › 保存値 "unsupported" は元の順序で開始する (133ms)
  ✓   8 [desktop] › trial/tests/product-order-persistence.spec.js:59:3 › 保存値 "ASCENDING" は元の順序で開始する (134ms)
  ✓   9 [desktop] › trial/tests/product-order-persistence.spec.js:59:3 › 保存値 "\"descending\"" は元の順序で開始する (140ms)
  ✓  10 [desktop] › trial/tests/product-order-persistence.spec.js:59:3 › 保存値 " descending " は元の順序で開始する (133ms)
  ✓  11 [desktop] › trial/tests/product-order-persistence.spec.js:59:3 › 保存値 "__proto__" は元の順序で開始する (149ms)
  ✓  12 [desktop] › trial/tests/product-order-persistence.spec.js:76:5 › 見つからないの結果でoriginalを保存し、クリア・全削除で維持する (240ms)
  ✓  13 [desktop] › trial/tests/product-order-persistence.spec.js:76:5 › 見つからないの結果でascendingを保存し、クリア・全削除で維持する (231ms)
  ✓  14 [desktop] › trial/tests/product-order-persistence.spec.js:76:5 › 見つからないの結果でdescendingを保存し、クリア・全削除で維持する (243ms)
  ✓  15 [desktop] › trial/tests/product-order-persistence.spec.js:76:5 › PEN-001の結果でoriginalを保存し、クリア・全削除で維持する (229ms)
  ✓  16 [desktop] › trial/tests/product-order-persistence.spec.js:76:5 › PEN-001の結果でascendingを保存し、クリア・全削除で維持する (231ms)
  ✓  17 [desktop] › trial/tests/product-order-persistence.spec.js:76:5 › PEN-001の結果でdescendingを保存し、クリア・全削除で維持する (226ms)
  ✓  18 [desktop] › trial/tests/product-order-persistence.spec.js:101:3 › Storage境界のaccess例外でも初期表示・操作を継続し、保存成功値だけを復元する (324ms)
  ✓  19 [desktop] › trial/tests/product-order-persistence.spec.js:101:3 › Storage境界のread例外でも初期表示・操作を継続し、保存成功値だけを復元する (347ms)
  ✓  20 [desktop] › trial/tests/product-order-persistence.spec.js:101:3 › Storage境界のwrite例外でも初期表示・操作を継続し、保存成功値だけを復元する (404ms)
  ✓  21 [desktop] › trial/tests/product-order-persistence.spec.js:142:1 › 保存値なしの書込失敗でも3種類を適用でき、次回は元の順序になる (172ms)
  ✓  22 [desktop] › trial/tests/product-order-persistence.spec.js:158:1 › 複数タブは即時同期せず、次の読み込みで最後の保存成功値を使う (286ms)
  ✓  23 [desktop] › trial/tests/product-order-persistence.spec.js:193:3 › 復元後の標準選択UI › 復元後もキーボードでselectを操作でき、遷移とフォーカス移動を加えない (134ms)
  ✓  24 [desktop] › trial/tests/product-order-persistence.spec.js:217:3 › originalを同じ永続プロファイルのブラウザー終了・再起動で復元し別プロファイルに引き継がない (648ms)
  ✓  25 [desktop] › trial/tests/product-order-persistence.spec.js:217:3 › ascendingを同じ永続プロファイルのブラウザー終了・再起動で復元し別プロファイルに引き継がない (631ms)
  ✓  26 [desktop] › trial/tests/product-order-persistence.spec.js:217:3 › descendingを同じ永続プロファイルのブラウザー終了・再起動で復元し別プロファイルに引き継がない (656ms)
  ✓  27 [desktop] › trial/tests/product-search.spec.js:42:3 › 検索語 "" で絞り込み、全削除で一覧に戻る (578ms)
  ✓  28 [desktop] › trial/tests/product-search.spec.js:42:3 › 検索語 "   " で絞り込み、全削除で一覧に戻る (597ms)
  ✓  29 [desktop] › trial/tests/product-search.spec.js:42:3 › 検索語 "ノート" で絞り込み、全削除で一覧に戻る (556ms)
  ✓  30 [desktop] › trial/tests/product-search.spec.js:42:3 › 検索語 "青い" で絞り込み、全削除で一覧に戻る (477ms)
  ✓  31 [desktop] › trial/tests/product-search.spec.js:42:3 › 検索語 "note" で絞り込み、全削除で一覧に戻る (527ms)
  ✓  32 [desktop] › trial/tests/product-search.spec.js:42:3 › 検索語 "  pEn-001  " で絞り込み、全削除で一覧に戻る (489ms)
  ✓  33 [desktop] › trial/tests/product-search.spec.js:42:3 › 検索語 "存在しない商品" で絞り込み、全削除で一覧に戻る (489ms)
  ✓  34 [desktop] › trial/tests/product-search.spec.js:63:1 › キーボードだけで検索欄へ移動し、入力ごとの更新と該当なしからの復帰ができる (556ms)
  ✓  35 [desktop] › trial/tests/product-search.spec.js:86:3 › pointerで検索をクリアし、全件復帰と再検索ができる (1.5s)
  ✓  36 [desktop] › trial/tests/product-search.spec.js:86:3 › Enterで検索をクリアし、全件復帰と再検索ができる (2.0s)
  ✓  37 [desktop] › trial/tests/product-search.spec.js:86:3 › Spaceで検索をクリアし、全件復帰と再検索ができる (2.0s)
  ✓  38 [desktop] › trial/tests/product-search.spec.js:136:1 › 並び順の切り替え、検索、0件・1件からの復帰と再読み込み (1.3s)
  ✓  39 [desktop] › trial/tests/product-search.spec.js:182:3 › モバイルの標準選択UI › キーボードで並び順を選び、フォーカスを保って操作を続けられる (427ms)
  ✓  40 [desktop] › trial/tests/product-search.spec.js:204:1 › 同じ読みの商品は昇順・降順とも元の相対順を保つ (742ms)
  ✓  41 [desktop] › trial/tests/product-search.spec.js:226:3 › タッチ操作 › 並び順をタップして選択できる (285ms)
  ✓  42 [desktop] › trial/tests/product-search.spec.js:238:1 › 検索クリア後も選択した並び順を保持する (324ms)
  ✓  43 [mobile] › trial/tests/product-list.spec.js:11:1 › 全商品の名前とコードを見出し付きの一覧で記載順に読める (245ms)
  ✓  44 [mobile] › trial/tests/product-order-persistence.spec.js:38:3 › originalを選ぶと直ちに保存し、再読み込みとタブ再オープンで検索語なしに復元する (298ms)
  ✓  45 [mobile] › trial/tests/product-order-persistence.spec.js:38:3 › ascendingを選ぶと直ちに保存し、再読み込みとタブ再オープンで検索語なしに復元する (255ms)
  ✓  46 [mobile] › trial/tests/product-order-persistence.spec.js:38:3 › descendingを選ぶと直ちに保存し、再読み込みとタブ再オープンで検索語なしに復元する (252ms)
  ✓  47 [mobile] › trial/tests/product-order-persistence.spec.js:59:3 › 保存値 null は元の順序で開始する (140ms)
  ✓  48 [mobile] › trial/tests/product-order-persistence.spec.js:59:3 › 保存値 "" は元の順序で開始する (138ms)
  ✓  49 [mobile] › trial/tests/product-order-persistence.spec.js:59:3 › 保存値 "unsupported" は元の順序で開始する (134ms)
  ✓  50 [mobile] › trial/tests/product-order-persistence.spec.js:59:3 › 保存値 "ASCENDING" は元の順序で開始する (141ms)
  ✓  51 [mobile] › trial/tests/product-order-persistence.spec.js:59:3 › 保存値 "\"descending\"" は元の順序で開始する (136ms)
  ✓  52 [mobile] › trial/tests/product-order-persistence.spec.js:59:3 › 保存値 " descending " は元の順序で開始する (141ms)
  ✓  53 [mobile] › trial/tests/product-order-persistence.spec.js:59:3 › 保存値 "__proto__" は元の順序で開始する (139ms)
  ✓  54 [mobile] › trial/tests/product-order-persistence.spec.js:76:5 › 見つからないの結果でoriginalを保存し、クリア・全削除で維持する (242ms)
  ✓  55 [mobile] › trial/tests/product-order-persistence.spec.js:76:5 › 見つからないの結果でascendingを保存し、クリア・全削除で維持する (230ms)
  ✓  56 [mobile] › trial/tests/product-order-persistence.spec.js:76:5 › 見つからないの結果でdescendingを保存し、クリア・全削除で維持する (231ms)
  ✓  57 [mobile] › trial/tests/product-order-persistence.spec.js:76:5 › PEN-001の結果でoriginalを保存し、クリア・全削除で維持する (241ms)
  ✓  58 [mobile] › trial/tests/product-order-persistence.spec.js:76:5 › PEN-001の結果でascendingを保存し、クリア・全削除で維持する (230ms)
  ✓  59 [mobile] › trial/tests/product-order-persistence.spec.js:76:5 › PEN-001の結果でdescendingを保存し、クリア・全削除で維持する (228ms)
  ✓  60 [mobile] › trial/tests/product-order-persistence.spec.js:101:3 › Storage境界のaccess例外でも初期表示・操作を継続し、保存成功値だけを復元する (324ms)
  ✓  61 [mobile] › trial/tests/product-order-persistence.spec.js:101:3 › Storage境界のread例外でも初期表示・操作を継続し、保存成功値だけを復元する (349ms)
  ✓  62 [mobile] › trial/tests/product-order-persistence.spec.js:101:3 › Storage境界のwrite例外でも初期表示・操作を継続し、保存成功値だけを復元する (325ms)
  ✓  63 [mobile] › trial/tests/product-order-persistence.spec.js:142:1 › 保存値なしの書込失敗でも3種類を適用でき、次回は元の順序になる (168ms)
  ✓  64 [mobile] › trial/tests/product-order-persistence.spec.js:158:1 › 複数タブは即時同期せず、次の読み込みで最後の保存成功値を使う (280ms)
  ✓  65 [mobile] › trial/tests/product-order-persistence.spec.js:193:3 › 復元後の標準選択UI › 復元後もキーボードでselectを操作でき、遷移とフォーカス移動を加えない (123ms)
  ✓  66 [mobile] › trial/tests/product-order-persistence.spec.js:217:3 › originalを同じ永続プロファイルのブラウザー終了・再起動で復元し別プロファイルに引き継がない (731ms)
  ✓  67 [mobile] › trial/tests/product-order-persistence.spec.js:217:3 › ascendingを同じ永続プロファイルのブラウザー終了・再起動で復元し別プロファイルに引き継がない (740ms)
  ✓  68 [mobile] › trial/tests/product-order-persistence.spec.js:217:3 › descendingを同じ永続プロファイルのブラウザー終了・再起動で復元し別プロファイルに引き継がない (720ms)
  ✓  69 [mobile] › trial/tests/product-search.spec.js:42:3 › 検索語 "" で絞り込み、全削除で一覧に戻る (575ms)
  ✓  70 [mobile] › trial/tests/product-search.spec.js:42:3 › 検索語 "   " で絞り込み、全削除で一覧に戻る (607ms)
  ✓  71 [mobile] › trial/tests/product-search.spec.js:42:3 › 検索語 "ノート" で絞り込み、全削除で一覧に戻る (542ms)
  ✓  72 [mobile] › trial/tests/product-search.spec.js:42:3 › 検索語 "青い" で絞り込み、全削除で一覧に戻る (490ms)
  ✓  73 [mobile] › trial/tests/product-search.spec.js:42:3 › 検索語 "note" で絞り込み、全削除で一覧に戻る (520ms)
  ✓  74 [mobile] › trial/tests/product-search.spec.js:42:3 › 検索語 "  pEn-001  " で絞り込み、全削除で一覧に戻る (478ms)
  ✓  75 [mobile] › trial/tests/product-search.spec.js:42:3 › 検索語 "存在しない商品" で絞り込み、全削除で一覧に戻る (493ms)
  ✓  76 [mobile] › trial/tests/product-search.spec.js:63:1 › キーボードだけで検索欄へ移動し、入力ごとの更新と該当なしからの復帰ができる (558ms)
  ✓  77 [mobile] › trial/tests/product-search.spec.js:86:3 › pointerで検索をクリアし、全件復帰と再検索ができる (1.7s)
  ✓  78 [mobile] › trial/tests/product-search.spec.js:86:3 › Enterで検索をクリアし、全件復帰と再検索ができる (2.0s)
  ✓  79 [mobile] › trial/tests/product-search.spec.js:86:3 › Spaceで検索をクリアし、全件復帰と再検索ができる (2.0s)
  ✓  80 [mobile] › trial/tests/product-search.spec.js:136:1 › 並び順の切り替え、検索、0件・1件からの復帰と再読み込み (1.3s)
  ✓  81 [mobile] › trial/tests/product-search.spec.js:182:3 › モバイルの標準選択UI › キーボードで並び順を選び、フォーカスを保って操作を続けられる (406ms)
  ✓  82 [mobile] › trial/tests/product-search.spec.js:204:1 › 同じ読みの商品は昇順・降順とも元の相対順を保つ (729ms)
  ✓  83 [mobile] › trial/tests/product-search.spec.js:226:3 › タッチ操作 › 並び順をタップして選択できる (270ms)
  ✓  84 [mobile] › trial/tests/product-search.spec.js:238:1 › 検索クリア後も選択した並び順を保持する (320ms)

  84 passed (41.3s)
All tests executed. Report: /Users/thkt/.local/share/dotagents/trials/implement-host-75/run/checkout/trial/artifacts/playwright-report-FePtzi/results.json
