Checking formatting...

All matched files use the correct format.
Finished in 10ms on 15 files using 8 threads.
Checked 84 files in 22ms. No fixes applied.
bun test v1.4.2 (744846f84)
All tests executed.

Running 102 tests using 1 worker

  ✓    1 [desktop] › trial/tests/product-list.spec.js:11:1 › 全商品の名前とコードを見出し付きの一覧で記載順に読める (414ms)
  ✓    2 [desktop] › trial/tests/product-order-persistence.spec.js:38:3 › originalを選ぶと直ちに保存し、再読み込みとタブ再オープンで検索語なしに復元する (387ms)
  ✓    3 [desktop] › trial/tests/product-order-persistence.spec.js:38:3 › ascendingを選ぶと直ちに保存し、再読み込みとタブ再オープンで検索語なしに復元する (273ms)
  ✓    4 [desktop] › trial/tests/product-order-persistence.spec.js:38:3 › descendingを選ぶと直ちに保存し、再読み込みとタブ再オープンで検索語なしに復元する (266ms)
  ✓    5 [desktop] › trial/tests/product-order-persistence.spec.js:59:3 › 保存値 null は元の順序で開始する (156ms)
  ✓    6 [desktop] › trial/tests/product-order-persistence.spec.js:59:3 › 保存値 "" は元の順序で開始する (161ms)
  ✓    7 [desktop] › trial/tests/product-order-persistence.spec.js:59:3 › 保存値 "unsupported" は元の順序で開始する (159ms)
  ✓    8 [desktop] › trial/tests/product-order-persistence.spec.js:59:3 › 保存値 "ASCENDING" は元の順序で開始する (153ms)
  ✓    9 [desktop] › trial/tests/product-order-persistence.spec.js:59:3 › 保存値 "\"descending\"" は元の順序で開始する (149ms)
  ✓   10 [desktop] › trial/tests/product-order-persistence.spec.js:59:3 › 保存値 " descending " は元の順序で開始する (155ms)
  ✓   11 [desktop] › trial/tests/product-order-persistence.spec.js:59:3 › 保存値 "__proto__" は元の順序で開始する (153ms)
  ✓   12 [desktop] › trial/tests/product-order-persistence.spec.js:76:5 › 見つからないの結果でoriginalを保存し、クリア・全削除で維持する (273ms)
  ✓   13 [desktop] › trial/tests/product-order-persistence.spec.js:76:5 › 見つからないの結果でascendingを保存し、クリア・全削除で維持する (264ms)
  ✓   14 [desktop] › trial/tests/product-order-persistence.spec.js:76:5 › 見つからないの結果でdescendingを保存し、クリア・全削除で維持する (261ms)
  ✓   15 [desktop] › trial/tests/product-order-persistence.spec.js:76:5 › PEN-001の結果でoriginalを保存し、クリア・全削除で維持する (257ms)
  ✓   16 [desktop] › trial/tests/product-order-persistence.spec.js:76:5 › PEN-001の結果でascendingを保存し、クリア・全削除で維持する (249ms)
  ✓   17 [desktop] › trial/tests/product-order-persistence.spec.js:76:5 › PEN-001の結果でdescendingを保存し、クリア・全削除で維持する (255ms)
  ✓   18 [desktop] › trial/tests/product-order-persistence.spec.js:101:3 › Storage境界のaccess例外でも初期表示・操作を継続し、保存成功値だけを復元する (368ms)
  ✓   19 [desktop] › trial/tests/product-order-persistence.spec.js:101:3 › Storage境界のread例外でも初期表示・操作を継続し、保存成功値だけを復元する (367ms)
  ✓   20 [desktop] › trial/tests/product-order-persistence.spec.js:101:3 › Storage境界のwrite例外でも初期表示・操作を継続し、保存成功値だけを復元する (380ms)
  ✓   21 [desktop] › trial/tests/product-order-persistence.spec.js:142:1 › 保存値なしの書込失敗でも3種類を適用でき、次回は元の順序になる (186ms)
  ✓   22 [desktop] › trial/tests/product-order-persistence.spec.js:158:1 › 複数タブは即時同期せず、次の読み込みで最後の保存成功値を使う (300ms)
  ✓   23 [desktop] › trial/tests/product-order-persistence.spec.js:193:3 › 復元後の標準選択UI › 復元後もキーボードでselectを操作でき、遷移とフォーカス移動を加えない (142ms)
  ✓   24 [desktop] › trial/tests/product-order-persistence.spec.js:217:3 › originalを同じ永続プロファイルのブラウザー終了・再起動で復元し別プロファイルに引き継がない (704ms)
  ✓   25 [desktop] › trial/tests/product-order-persistence.spec.js:217:3 › ascendingを同じ永続プロファイルのブラウザー終了・再起動で復元し別プロファイルに引き継がない (686ms)
  ✓   26 [desktop] › trial/tests/product-order-persistence.spec.js:217:3 › descendingを同じ永続プロファイルのブラウザー終了・再起動で復元し別プロファイルに引き継がない (698ms)
  ✓   27 [desktop] › trial/tests/product-search.spec.js:42:3 › 検索語 "" で絞り込み、全削除で一覧に戻る (582ms)
  ✓   28 [desktop] › trial/tests/product-search.spec.js:42:3 › 検索語 "   " で絞り込み、全削除で一覧に戻る (589ms)
  ✓   29 [desktop] › trial/tests/product-search.spec.js:42:3 › 検索語 "ノート" で絞り込み、全削除で一覧に戻る (558ms)
  ✓   30 [desktop] › trial/tests/product-search.spec.js:42:3 › 検索語 "青い" で絞り込み、全削除で一覧に戻る (495ms)
  ✓   31 [desktop] › trial/tests/product-search.spec.js:42:3 › 検索語 "note" で絞り込み、全削除で一覧に戻る (511ms)
  ✓   32 [desktop] › trial/tests/product-search.spec.js:42:3 › 検索語 "  pEn-001  " で絞り込み、全削除で一覧に戻る (510ms)
  ✓   33 [desktop] › trial/tests/product-search.spec.js:42:3 › 検索語 "存在しない商品" で絞り込み、全削除で一覧に戻る (495ms)
  ✓   34 [desktop] › trial/tests/product-search.spec.js:63:1 › キーボードだけで検索欄へ移動し、入力ごとの更新と該当なしからの復帰ができる (659ms)
  ✓   35 [desktop] › trial/tests/product-search.spec.js:86:3 › pointerで検索をクリアし、全件復帰と再検索ができる (1.5s)
  ✓   36 [desktop] › trial/tests/product-search.spec.js:86:3 › Enterで検索をクリアし、全件復帰と再検索ができる (2.1s)
  ✓   37 [desktop] › trial/tests/product-search.spec.js:86:3 › Spaceで検索をクリアし、全件復帰と再検索ができる (2.0s)
  ✓   38 [desktop] › trial/tests/product-search.spec.js:138:5 › original・検索語 "note" からEscでクリアし、フォーカスと並び順を保って再検索できる (442ms)
  ✓   39 [desktop] › trial/tests/product-search.spec.js:138:5 › original・検索語 "missing" からEscでクリアし、フォーカスと並び順を保って再検索できる (370ms)
  ✓   40 [desktop] › trial/tests/product-search.spec.js:138:5 › original・検索語 "" からEscでクリアし、フォーカスと並び順を保って再検索できる (505ms)
  ✓   41 [desktop] › trial/tests/product-search.spec.js:138:5 › ascending・検索語 "note" からEscでクリアし、フォーカスと並び順を保って再検索できる (411ms)
  ✓   42 [desktop] › trial/tests/product-search.spec.js:138:5 › ascending・検索語 "missing" からEscでクリアし、フォーカスと並び順を保って再検索できる (361ms)
  ✓   43 [desktop] › trial/tests/product-search.spec.js:138:5 › ascending・検索語 "" からEscでクリアし、フォーカスと並び順を保って再検索できる (496ms)
  ✓   44 [desktop] › trial/tests/product-search.spec.js:138:5 › descending・検索語 "note" からEscでクリアし、フォーカスと並び順を保って再検索できる (427ms)
  ✓   45 [desktop] › trial/tests/product-search.spec.js:138:5 › descending・検索語 "missing" からEscでクリアし、フォーカスと並び順を保って再検索できる (364ms)
  ✓   46 [desktop] › trial/tests/product-search.spec.js:138:5 › descending・検索語 "" からEscでクリアし、フォーカスと並び順を保って再検索できる (503ms)
  ✓   47 [desktop] › trial/tests/product-search.spec.js:166:1 › 並び順の切り替え、検索、0件・1件からの復帰と再読み込み (1.3s)
  ✓   48 [desktop] › trial/tests/product-search.spec.js:212:3 › モバイルの標準選択UI › キーボードで並び順を選び、フォーカスを保って操作を続けられる (409ms)
  ✓   49 [desktop] › trial/tests/product-search.spec.js:234:1 › 同じ読みの商品は昇順・降順とも元の相対順を保つ (751ms)
  ✓   50 [desktop] › trial/tests/product-search.spec.js:256:3 › タッチ操作 › 並び順をタップして選択できる (292ms)
  ✓   51 [desktop] › trial/tests/product-search.spec.js:268:1 › 検索クリア後も選択した並び順を保持する (327ms)
  ✓   52 [mobile] › trial/tests/product-list.spec.js:11:1 › 全商品の名前とコードを見出し付きの一覧で記載順に読める (249ms)
  ✓   53 [mobile] › trial/tests/product-order-persistence.spec.js:38:3 › originalを選ぶと直ちに保存し、再読み込みとタブ再オープンで検索語なしに復元する (286ms)
  ✓   54 [mobile] › trial/tests/product-order-persistence.spec.js:38:3 › ascendingを選ぶと直ちに保存し、再読み込みとタブ再オープンで検索語なしに復元する (262ms)
  ✓   55 [mobile] › trial/tests/product-order-persistence.spec.js:38:3 › descendingを選ぶと直ちに保存し、再読み込みとタブ再オープンで検索語なしに復元する (256ms)
  ✓   56 [mobile] › trial/tests/product-order-persistence.spec.js:59:3 › 保存値 null は元の順序で開始する (150ms)
  ✓   57 [mobile] › trial/tests/product-order-persistence.spec.js:59:3 › 保存値 "" は元の順序で開始する (149ms)
  ✓   58 [mobile] › trial/tests/product-order-persistence.spec.js:59:3 › 保存値 "unsupported" は元の順序で開始する (152ms)
  ✓   59 [mobile] › trial/tests/product-order-persistence.spec.js:59:3 › 保存値 "ASCENDING" は元の順序で開始する (147ms)
  ✓   60 [mobile] › trial/tests/product-order-persistence.spec.js:59:3 › 保存値 "\"descending\"" は元の順序で開始する (154ms)
  ✓   61 [mobile] › trial/tests/product-order-persistence.spec.js:59:3 › 保存値 " descending " は元の順序で開始する (160ms)
  ✓   62 [mobile] › trial/tests/product-order-persistence.spec.js:59:3 › 保存値 "__proto__" は元の順序で開始する (152ms)
  ✓   63 [mobile] › trial/tests/product-order-persistence.spec.js:76:5 › 見つからないの結果でoriginalを保存し、クリア・全削除で維持する (257ms)
  ✓   64 [mobile] › trial/tests/product-order-persistence.spec.js:76:5 › 見つからないの結果でascendingを保存し、クリア・全削除で維持する (281ms)
  ✓   65 [mobile] › trial/tests/product-order-persistence.spec.js:76:5 › 見つからないの結果でdescendingを保存し、クリア・全削除で維持する (264ms)
  ✓   66 [mobile] › trial/tests/product-order-persistence.spec.js:76:5 › PEN-001の結果でoriginalを保存し、クリア・全削除で維持する (243ms)
  ✓   67 [mobile] › trial/tests/product-order-persistence.spec.js:76:5 › PEN-001の結果でascendingを保存し、クリア・全削除で維持する (312ms)
  ✓   68 [mobile] › trial/tests/product-order-persistence.spec.js:76:5 › PEN-001の結果でdescendingを保存し、クリア・全削除で維持する (278ms)
  ✓   69 [mobile] › trial/tests/product-order-persistence.spec.js:101:3 › Storage境界のaccess例外でも初期表示・操作を継続し、保存成功値だけを復元する (381ms)
  ✓   70 [mobile] › trial/tests/product-order-persistence.spec.js:101:3 › Storage境界のread例外でも初期表示・操作を継続し、保存成功値だけを復元する (366ms)
  ✓   71 [mobile] › trial/tests/product-order-persistence.spec.js:101:3 › Storage境界のwrite例外でも初期表示・操作を継続し、保存成功値だけを復元する (377ms)
  ✓   72 [mobile] › trial/tests/product-order-persistence.spec.js:142:1 › 保存値なしの書込失敗でも3種類を適用でき、次回は元の順序になる (202ms)
  ✓   73 [mobile] › trial/tests/product-order-persistence.spec.js:158:1 › 複数タブは即時同期せず、次の読み込みで最後の保存成功値を使う (410ms)
  ✓   74 [mobile] › trial/tests/product-order-persistence.spec.js:193:3 › 復元後の標準選択UI › 復元後もキーボードでselectを操作でき、遷移とフォーカス移動を加えない (193ms)
  ✓   75 [mobile] › trial/tests/product-order-persistence.spec.js:217:3 › originalを同じ永続プロファイルのブラウザー終了・再起動で復元し別プロファイルに引き継がない (789ms)
  ✓   76 [mobile] › trial/tests/product-order-persistence.spec.js:217:3 › ascendingを同じ永続プロファイルのブラウザー終了・再起動で復元し別プロファイルに引き継がない (777ms)
  ✓   77 [mobile] › trial/tests/product-order-persistence.spec.js:217:3 › descendingを同じ永続プロファイルのブラウザー終了・再起動で復元し別プロファイルに引き継がない (775ms)
  ✓   78 [mobile] › trial/tests/product-search.spec.js:42:3 › 検索語 "" で絞り込み、全削除で一覧に戻る (569ms)
  ✓   79 [mobile] › trial/tests/product-search.spec.js:42:3 › 検索語 "   " で絞り込み、全削除で一覧に戻る (598ms)
  ✓   80 [mobile] › trial/tests/product-search.spec.js:42:3 › 検索語 "ノート" で絞り込み、全削除で一覧に戻る (563ms)
  ✓   81 [mobile] › trial/tests/product-search.spec.js:42:3 › 検索語 "青い" で絞り込み、全削除で一覧に戻る (492ms)
  ✓   82 [mobile] › trial/tests/product-search.spec.js:42:3 › 検索語 "note" で絞り込み、全削除で一覧に戻る (527ms)
  ✓   83 [mobile] › trial/tests/product-search.spec.js:42:3 › 検索語 "  pEn-001  " で絞り込み、全削除で一覧に戻る (510ms)
  ✓   84 [mobile] › trial/tests/product-search.spec.js:42:3 › 検索語 "存在しない商品" で絞り込み、全削除で一覧に戻る (511ms)
  ✓   85 [mobile] › trial/tests/product-search.spec.js:63:1 › キーボードだけで検索欄へ移動し、入力ごとの更新と該当なしからの復帰ができる (554ms)
  ✓   86 [mobile] › trial/tests/product-search.spec.js:86:3 › pointerで検索をクリアし、全件復帰と再検索ができる (1.6s)
  ✓   87 [mobile] › trial/tests/product-search.spec.js:86:3 › Enterで検索をクリアし、全件復帰と再検索ができる (2.0s)
  ✓   88 [mobile] › trial/tests/product-search.spec.js:86:3 › Spaceで検索をクリアし、全件復帰と再検索ができる (2.1s)
  ✓   89 [mobile] › trial/tests/product-search.spec.js:138:5 › original・検索語 "note" からEscでクリアし、フォーカスと並び順を保って再検索できる (428ms)
  ✓   90 [mobile] › trial/tests/product-search.spec.js:138:5 › original・検索語 "missing" からEscでクリアし、フォーカスと並び順を保って再検索できる (360ms)
  ✓   91 [mobile] › trial/tests/product-search.spec.js:138:5 › original・検索語 "" からEscでクリアし、フォーカスと並び順を保って再検索できる (494ms)
  ✓   92 [mobile] › trial/tests/product-search.spec.js:138:5 › ascending・検索語 "note" からEscでクリアし、フォーカスと並び順を保って再検索できる (429ms)
  ✓   93 [mobile] › trial/tests/product-search.spec.js:138:5 › ascending・検索語 "missing" からEscでクリアし、フォーカスと並び順を保って再検索できる (372ms)
  ✓   94 [mobile] › trial/tests/product-search.spec.js:138:5 › ascending・検索語 "" からEscでクリアし、フォーカスと並び順を保って再検索できる (493ms)
  ✓   95 [mobile] › trial/tests/product-search.spec.js:138:5 › descending・検索語 "note" からEscでクリアし、フォーカスと並び順を保って再検索できる (411ms)
  ✓   96 [mobile] › trial/tests/product-search.spec.js:138:5 › descending・検索語 "missing" からEscでクリアし、フォーカスと並び順を保って再検索できる (345ms)
  ✓   97 [mobile] › trial/tests/product-search.spec.js:138:5 › descending・検索語 "" からEscでクリアし、フォーカスと並び順を保って再検索できる (491ms)
  ✓   98 [mobile] › trial/tests/product-search.spec.js:166:1 › 並び順の切り替え、検索、0件・1件からの復帰と再読み込み (1.3s)
  ✓   99 [mobile] › trial/tests/product-search.spec.js:212:3 › モバイルの標準選択UI › キーボードで並び順を選び、フォーカスを保って操作を続けられる (419ms)
  ✓  100 [mobile] › trial/tests/product-search.spec.js:234:1 › 同じ読みの商品は昇順・降順とも元の相対順を保つ (754ms)
  ✓  101 [mobile] › trial/tests/product-search.spec.js:256:3 › タッチ操作 › 並び順をタップして選択できる (277ms)
  ✓  102 [mobile] › trial/tests/product-search.spec.js:268:1 › 検索クリア後も選択した並び順を保持する (324ms)

  102 passed (51.3s)
All tests executed. Report: /Users/thkt/.local/share/dotagents/development/d3d15c767753bba6/90/checkout/trial/artifacts/playwright-report-nXI6iH/results.json
